running egg_info
creating ../../build/realsense_py_pub/realsense_py_pub.egg-info
writing ../../build/realsense_py_pub/realsense_py_pub.egg-info/PKG-INFO
writing dependency_links to ../../build/realsense_py_pub/realsense_py_pub.egg-info/dependency_links.txt
writing entry points to ../../build/realsense_py_pub/realsense_py_pub.egg-info/entry_points.txt
writing requirements to ../../build/realsense_py_pub/realsense_py_pub.egg-info/requires.txt
writing top-level names to ../../build/realsense_py_pub/realsense_py_pub.egg-info/top_level.txt
writing manifest file '../../build/realsense_py_pub/realsense_py_pub.egg-info/SOURCES.txt'
reading manifest file '../../build/realsense_py_pub/realsense_py_pub.egg-info/SOURCES.txt'
writing manifest file '../../build/realsense_py_pub/realsense_py_pub.egg-info/SOURCES.txt'
running build
running build_py
creating /home/overture/realsense_ws/build/realsense_py_pub/build/lib/realsense_py_pub
copying realsense_py_pub/realsense_publisher.py -> /home/overture/realsense_ws/build/realsense_py_pub/build/lib/realsense_py_pub
copying realsense_py_pub/__init__.py -> /home/overture/realsense_ws/build/realsense_py_pub/build/lib/realsense_py_pub
running install
running install_lib
creating /home/overture/realsense_ws/install/realsense_py_pub/lib/python3.10/site-packages/realsense_py_pub
copying /home/overture/realsense_ws/build/realsense_py_pub/build/lib/realsense_py_pub/realsense_publisher.py -> /home/overture/realsense_ws/install/realsense_py_pub/lib/python3.10/site-packages/realsense_py_pub
copying /home/overture/realsense_ws/build/realsense_py_pub/build/lib/realsense_py_pub/__init__.py -> /home/overture/realsense_ws/install/realsense_py_pub/lib/python3.10/site-packages/realsense_py_pub
byte-compiling /home/overture/realsense_ws/install/realsense_py_pub/lib/python3.10/site-packages/realsense_py_pub/realsense_publisher.py to realsense_publisher.cpython-310.pyc
byte-compiling /home/overture/realsense_ws/install/realsense_py_pub/lib/python3.10/site-packages/realsense_py_pub/__init__.py to __init__.cpython-310.pyc
running install_data
creating /home/overture/realsense_ws/install/realsense_py_pub/share/ament_index/resource_index/packages
copying resource/realsense_py_pub -> /home/overture/realsense_ws/install/realsense_py_pub/share/ament_index/resource_index/packages
copying package.xml -> /home/overture/realsense_ws/install/realsense_py_pub/share/realsense_py_pub
running install_egg_info
Copying ../../build/realsense_py_pub/realsense_py_pub.egg-info to /home/overture/realsense_ws/install/realsense_py_pub/lib/python3.10/site-packages/realsense_py_pub-0.0.0-py3.10.egg-info
running install_scripts
Installing realsense_node script to /home/overture/realsense_ws/install/realsense_py_pub/lib/realsense_py_pub
writing list of installed files to '/home/overture/realsense_ws/build/realsense_py_pub/install.log'
