[0.584s] Invoking command in '/home/overture/realsense_ws/src/realsense_py_pub': PYTHONPATH=/home/overture/realsense_ws/build/realsense_py_pub/prefix_override:/usr/lib/python3/dist-packages/colcon_core/task/python/colcon_distutils_commands:/home/overture/realsense_ws/install/realsense_py_pub/lib/python3.10/site-packages:${PYTHONPATH} /usr/bin/python3 -W ignore:setup.py install is deprecated -W ignore:easy_install command is deprecated setup.py egg_info --egg-base ../../build/realsense_py_pub build --build-base /home/overture/realsense_ws/build/realsense_py_pub/build install --record /home/overture/realsense_ws/build/realsense_py_pub/install.log --single-version-externally-managed install_data
[0.824s] running egg_info
[0.840s] creating ../../build/realsense_py_pub/realsense_py_pub.egg-info
[0.840s] writing ../../build/realsense_py_pub/realsense_py_pub.egg-info/PKG-INFO
[0.841s] writing dependency_links to ../../build/realsense_py_pub/realsense_py_pub.egg-info/dependency_links.txt
[0.841s] writing entry points to ../../build/realsense_py_pub/realsense_py_pub.egg-info/entry_points.txt
[0.841s] writing requirements to ../../build/realsense_py_pub/realsense_py_pub.egg-info/requires.txt
[0.841s] writing top-level names to ../../build/realsense_py_pub/realsense_py_pub.egg-info/top_level.txt
[0.841s] writing manifest file '../../build/realsense_py_pub/realsense_py_pub.egg-info/SOURCES.txt'
[0.875s] reading manifest file '../../build/realsense_py_pub/realsense_py_pub.egg-info/SOURCES.txt'
[0.876s] writing manifest file '../../build/realsense_py_pub/realsense_py_pub.egg-info/SOURCES.txt'
[0.876s] running build
[0.876s] running build_py
[0.876s] creating /home/overture/realsense_ws/build/realsense_py_pub/build/lib/realsense_py_pub
[0.876s] copying realsense_py_pub/realsense_publisher.py -> /home/overture/realsense_ws/build/realsense_py_pub/build/lib/realsense_py_pub
[0.877s] copying realsense_py_pub/__init__.py -> /home/overture/realsense_ws/build/realsense_py_pub/build/lib/realsense_py_pub
[0.877s] running install
[0.880s] running install_lib
[0.897s] creating /home/overture/realsense_ws/install/realsense_py_pub/lib/python3.10/site-packages/realsense_py_pub
[0.897s] copying /home/overture/realsense_ws/build/realsense_py_pub/build/lib/realsense_py_pub/realsense_publisher.py -> /home/overture/realsense_ws/install/realsense_py_pub/lib/python3.10/site-packages/realsense_py_pub
[0.897s] copying /home/overture/realsense_ws/build/realsense_py_pub/build/lib/realsense_py_pub/__init__.py -> /home/overture/realsense_ws/install/realsense_py_pub/lib/python3.10/site-packages/realsense_py_pub
[0.897s] byte-compiling /home/overture/realsense_ws/install/realsense_py_pub/lib/python3.10/site-packages/realsense_py_pub/realsense_publisher.py to realsense_publisher.cpython-310.pyc
[0.899s] byte-compiling /home/overture/realsense_ws/install/realsense_py_pub/lib/python3.10/site-packages/realsense_py_pub/__init__.py to __init__.cpython-310.pyc
[0.899s] running install_data
[0.899s] creating /home/overture/realsense_ws/install/realsense_py_pub/share/ament_index/resource_index/packages
[0.899s] copying resource/realsense_py_pub -> /home/overture/realsense_ws/install/realsense_py_pub/share/ament_index/resource_index/packages
[0.899s] copying package.xml -> /home/overture/realsense_ws/install/realsense_py_pub/share/realsense_py_pub
[0.899s] running install_egg_info
[0.917s] Copying ../../build/realsense_py_pub/realsense_py_pub.egg-info to /home/overture/realsense_ws/install/realsense_py_pub/lib/python3.10/site-packages/realsense_py_pub-0.0.0-py3.10.egg-info
[0.918s] running install_scripts
[0.952s] Installing realsense_node script to /home/overture/realsense_ws/install/realsense_py_pub/lib/realsense_py_pub
[0.952s] writing list of installed files to '/home/overture/realsense_ws/build/realsense_py_pub/install.log'
[0.972s] Invoked command in '/home/overture/realsense_ws/src/realsense_py_pub' returned '0': PYTHONPATH=/home/overture/realsense_ws/build/realsense_py_pub/prefix_override:/usr/lib/python3/dist-packages/colcon_core/task/python/colcon_distutils_commands:/home/overture/realsense_ws/install/realsense_py_pub/lib/python3.10/site-packages:${PYTHONPATH} /usr/bin/python3 -W ignore:setup.py install is deprecated -W ignore:easy_install command is deprecated setup.py egg_info --egg-base ../../build/realsense_py_pub build --build-base /home/overture/realsense_ws/build/realsense_py_pub/build install --record /home/overture/realsense_ws/build/realsense_py_pub/install.log --single-version-externally-managed install_data
